com.fasterxml.jackson.databind.exc.InvalidDefinitionException: Cannot construct instance of `letrain.vehicle.rail.Trip` (no Creators, like default constructor, exist): abstract types either need to be mapped to concrete types, have custom deserializer, or contain additional type information
 at [Source: (File); line: 4997, column: 22] (through reference chain: letrain.mvp.impl.Model["selectedLocomotive"]->letrain.vehicle.rail.impl.Locomotive["track"]->letrain.track.rail.BridgeRailTrack["connectedTracks"]->java.lang.Object[][7]->letrain.track.rail.BridgeRailTrack["linker"]->letrain.vehicle.rail.impl.Wagon["train"]->letrain.vehicle.rail.impl.Train["trip"])
	at com.fasterxml.jackson.databind.exc.InvalidDefinitionException.from(InvalidDefinitionException.java:67)
	at com.fasterxml.jackson.databind.DeserializationContext.reportBadDefinition(DeserializationContext.java:1915)
	at com.fasterxml.jackson.databind.DatabindContext.reportBadDefinition(DatabindContext.java:414)
	at com.fasterxml.jackson.databind.DeserializationContext.handleMissingInstantiator(DeserializationContext.java:1360)
	at com.fasterxml.jackson.databind.deser.AbstractDeserializer.deserialize(AbstractDeserializer.java:274)
	at com.fasterxml.jackson.databind.deser.impl.FieldProperty.deserializeAndSet(FieldProperty.java:138)
	at com.fasterxml.jackson.databind.deser.BeanDeserializer.deserializeFromObject(BeanDeserializer.java:392)
	at com.fasterxml.jackson.databind.deser.BeanDeserializerBase.deserializeWithObjectId(BeanDeserializerBase.java:1375)
	at com.fasterxml.jackson.databind.deser.BeanDeserializer.deserialize(BeanDeserializer.java:183)
	at com.fasterxml.jackson.databind.deser.SettableBeanProperty.deserialize(SettableBeanProperty.java:545)
	at com.fasterxml.jackson.databind.deser.impl.ObjectIdReferenceProperty.deserializeSetAndReturn(ObjectIdReferenceProperty.java:94)
	at com.fasterxml.jackson.databind.deser.impl.ObjectIdReferenceProperty.deserializeAndSet(ObjectIdReferenceProperty.java:87)
	at com.fasterxml.jackson.databind.deser.BeanDeserializer.deserializeFromObject(BeanDeserializer.java:392)
	at com.fasterxml.jackson.databind.deser.BeanDeserializerBase.deserializeWithObjectId(BeanDeserializerBase.java:1375)
	at com.fasterxml.jackson.databind.deser.BeanDeserializer._deserializeOther(BeanDeserializer.java:218)
	at com.fasterxml.jackson.databind.deser.BeanDeserializer.deserialize(BeanDeserializer.java:187)
	at com.fasterxml.jackson.databind.jsontype.impl.AsPropertyTypeDeserializer._deserializeTypedForId(AsPropertyTypeDeserializer.java:170)
	at com.fasterxml.jackson.databind.jsontype.impl.AsPropertyTypeDeserializer.deserializeTypedFromObject(AsPropertyTypeDeserializer.java:136)
	at com.fasterxml.jackson.databind.deser.AbstractDeserializer.deserializeWithType(AbstractDeserializer.java:263)
	at com.fasterxml.jackson.databind.deser.SettableBeanProperty.deserialize(SettableBeanProperty.java:542)
	at com.fasterxml.jackson.databind.deser.impl.ObjectIdReferenceProperty.deserializeSetAndReturn(ObjectIdReferenceProperty.java:94)
	at com.fasterxml.jackson.databind.deser.impl.ObjectIdReferenceProperty.deserializeAndSet(ObjectIdReferenceProperty.java:87)
	at com.fasterxml.jackson.databind.deser.BeanDeserializer.deserializeFromObject(BeanDeserializer.java:392)
	at com.fasterxml.jackson.databind.deser.BeanDeserializerBase.deserializeWithObjectId(BeanDeserializerBase.java:1375)
	at com.fasterxml.jackson.databind.deser.BeanDeserializer._deserializeOther(BeanDeserializer.java:218)
	at com.fasterxml.jackson.databind.deser.BeanDeserializer.deserialize(BeanDeserializer.java:187)
	at com.fasterxml.jackson.databind.jsontype.impl.AsPropertyTypeDeserializer._deserializeTypedForId(AsPropertyTypeDeserializer.java:170)
	at com.fasterxml.jackson.databind.jsontype.impl.AsPropertyTypeDeserializer.deserializeTypedFromObject(AsPropertyTypeDeserializer.java:136)
	at com.fasterxml.jackson.databind.deser.AbstractDeserializer.deserializeWithType(AbstractDeserializer.java:263)
	at com.fasterxml.jackson.databind.deser.std.ObjectArrayDeserializer.deserialize(ObjectArrayDeserializer.java:218)
	at com.fasterxml.jackson.databind.deser.std.ObjectArrayDeserializer.deserialize(ObjectArrayDeserializer.java:26)
	at com.fasterxml.jackson.databind.deser.impl.MethodProperty.deserializeAndSet(MethodProperty.java:129)
	at com.fasterxml.jackson.databind.deser.BeanDeserializer.deserializeFromObject(BeanDeserializer.java:392)
	at com.fasterxml.jackson.databind.deser.BeanDeserializerBase.deserializeWithObjectId(BeanDeserializerBase.java:1375)
	at com.fasterxml.jackson.databind.deser.BeanDeserializer._deserializeOther(BeanDeserializer.java:218)
	at com.fasterxml.jackson.databind.deser.BeanDeserializer.deserialize(BeanDeserializer.java:187)
	at com.fasterxml.jackson.databind.jsontype.impl.AsPropertyTypeDeserializer._deserializeTypedForId(AsPropertyTypeDeserializer.java:170)
	at com.fasterxml.jackson.databind.jsontype.impl.AsPropertyTypeDeserializer.deserializeTypedFromObject(AsPropertyTypeDeserializer.java:136)
	at com.fasterxml.jackson.databind.deser.AbstractDeserializer.deserializeWithType(AbstractDeserializer.java:263)
	at com.fasterxml.jackson.databind.deser.SettableBeanProperty.deserialize(SettableBeanProperty.java:542)
	at com.fasterxml.jackson.databind.deser.impl.ObjectIdReferenceProperty.deserializeSetAndReturn(ObjectIdReferenceProperty.java:94)
	at com.fasterxml.jackson.databind.deser.impl.ObjectIdReferenceProperty.deserializeAndSet(ObjectIdReferenceProperty.java:87)
	at com.fasterxml.jackson.databind.deser.BeanDeserializer.deserializeFromObject(BeanDeserializer.java:392)
	at com.fasterxml.jackson.databind.deser.BeanDeserializerBase.deserializeWithObjectId(BeanDeserializerBase.java:1375)
	at com.fasterxml.jackson.databind.deser.BeanDeserializer._deserializeOther(BeanDeserializer.java:218)
	at com.fasterxml.jackson.databind.deser.BeanDeserializer.deserialize(BeanDeserializer.java:187)
	at com.fasterxml.jackson.databind.jsontype.impl.AsPropertyTypeDeserializer._deserializeTypedForId(AsPropertyTypeDeserializer.java:170)
	at com.fasterxml.jackson.databind.jsontype.impl.AsPropertyTypeDeserializer.deserializeTypedFromObject(AsPropertyTypeDeserializer.java:136)
	at com.fasterxml.jackson.databind.deser.BeanDeserializerBase.deserializeWithType(BeanDeserializerBase.java:1296)
	at com.fasterxml.jackson.databind.deser.SettableBeanProperty.deserialize(SettableBeanProperty.java:542)
	at com.fasterxml.jackson.databind.deser.impl.ObjectIdReferenceProperty.deserializeSetAndReturn(ObjectIdReferenceProperty.java:94)
	at com.fasterxml.jackson.databind.deser.impl.ObjectIdReferenceProperty.deserializeAndSet(ObjectIdReferenceProperty.java:87)
	at com.fasterxml.jackson.databind.deser.BeanDeserializer.deserializeFromObject(BeanDeserializer.java:392)
	at com.fasterxml.jackson.databind.deser.BeanDeserializerBase.deserializeWithObjectId(BeanDeserializerBase.java:1375)
	at com.fasterxml.jackson.databind.deser.BeanDeserializer.deserialize(BeanDeserializer.java:183)
	at com.fasterxml.jackson.databind.deser.DefaultDeserializationContext.readRootValue(DefaultDeserializationContext.java:323)
	at com.fasterxml.jackson.databind.ObjectMapper._readMapAndClose(ObjectMapper.java:4825)
	at com.fasterxml.jackson.databind.ObjectMapper.readValue(ObjectMapper.java:3637)
	at letrain.mvp.impl.GameSaveService.load(GameSaveService.java:74)
	at letrain.mvp.impl.graphic.GraphicPresenter.onLoadGame(GraphicPresenter.java:676)
	at letrain.mvp.impl.graphic.GraphicPresenter.lambda$showLoadDialog$1(GraphicPresenter.java:715)
	at letrain.mvp.impl.graphic.Gdx3DHud$17.changed(Gdx3DHud.java:1078)
	at com.badlogic.gdx.scenes.scene2d.utils.ChangeListener.handle(ChangeListener.java:28)
	at com.badlogic.gdx.scenes.scene2d.Actor.notify(Actor.java:188)
	at com.badlogic.gdx.scenes.scene2d.Actor.fire(Actor.java:152)
	at com.badlogic.gdx.scenes.scene2d.ui.Button.setChecked(Button.java:125)
	at com.badlogic.gdx.scenes.scene2d.ui.Button$1.clicked(Button.java:93)
	at com.badlogic.gdx.scenes.scene2d.utils.ClickListener.touchUp(ClickListener.java:88)
	at com.badlogic.gdx.scenes.scene2d.InputListener.handle(InputListener.java:71)
	at com.badlogic.gdx.scenes.scene2d.Stage.touchUp(Stage.java:354)
	at com.badlogic.gdx.InputMultiplexer.touchUp(InputMultiplexer.java:124)
	at com.badlogic.gdx.InputEventQueue.drain(InputEventQueue.java:70)
	at com.badlogic.gdx.backends.lwjgl3.DefaultLwjgl3Input.update(DefaultLwjgl3Input.java:189)
	at com.badlogic.gdx.backends.lwjgl3.Lwjgl3Window.update(Lwjgl3Window.java:378)
	at com.badlogic.gdx.backends.lwjgl3.Lwjgl3Application.loop(Lwjgl3Application.java:193)
	at com.badlogic.gdx.backends.lwjgl3.Lwjgl3Application.<init>(Lwjgl3Application.java:167)
	at letrain.LeTrain.start(LeTrain.java:34)
	at letrain.LeTrain.main(LeTrain.java:13)
